// Jest Snapshot v1, https://goo.gl/fbAQLP

exports[`src/components/fields/TextField TextField 1`] = `
<DocumentFragment>
  <div
    class="mantine-InputWrapper-root mantine-InputBase-root mantine-1m3pqry"
  >
    <div
      class="mantine-Input-wrapper mantine-InputBase-wrapper mantine-12sbrde"
    >
      <input
        aria-invalid="false"
        class="mantine-Input-input mantine-InputBase-input mantine-1xsag3x"
        id="mantine-r0"
      />
    </div>
  </div>
</DocumentFragment>
`;
