// Jest Snapshot v1, https://goo.gl/fbAQLP

exports[`src/modules/Shell Shell 1`] = `
<DocumentFragment>
  <div />
</DocumentFragment>
`;
